[Bootstrap]
SetupTitle=Install
SetupText=Copying Files, please stand by.
CabFile=Insect1.CAB
Spawn=Setup1.exe
Uninstal=st6unst.exe
TmpDir=msftqws.pdw
Cabs=3

[Bootstrap Files]
File1=@VB6STKIT.DLL,$(WinSysPathSysFile),,,7-15-00 12:00:00 AM,101888,6.0.84.50
File2=@COMCAT.DLL,$(WinSysPathSysFile),$(DLLSelfRegister),,5-31-98 12:00:00 AM,22288,4.71.1460.1
File3=@asycfilt.dll,$(WinSysPathSysFile),,,8-3-04 11:26:42 PM,65024,5.1.2600.2180
File4=@olepro32.dll,$(WinSysPathSysFile),$(DLLSelfRegister),,8-3-04 11:26:46 PM,83456,5.1.2600.2180
File5=@oleaut32.dll,$(WinSysPathSysFile),$(DLLSelfRegister),,8-3-04 11:26:46 PM,553472,5.1.2600.2180
File6=@stdole2.tlb,$(WinSysPathSysFile),$(TLBRegister),,8-23-01 8:30:00 AM,17920,3.50.5014.0
File7=@msvbvm60.dll,$(WinSysPathSysFile),$(DLLSelfRegister),,8-3-04 11:26:44 PM,1392671,6.0.96.90

[IconGroups]
Group0=Insect Shot
PrivateGroup0=True
Parent0=$(Programs)

[Insect Shot]
Icon1=""Insect Shot.exe""
Title1=Insect Shot
StartIn1=$(AppPath)

[Setup]
Title=Insect Shot
DefaultDir=$(ProgramFiles)\Project1
AppExe=Insect Shot.exe
AppToUninstall=Insect Shot.exe

[Setup1 Files]
File1=@COMDLG32.OCX,$(WinSysPath),$(DLLSelfRegister),$(Shared),3-13-01 3:49:28 PM,140288,6.0.84.18
File2=@MSDATLST.OCX,$(WinSysPath),$(DLLSelfRegister),$(Shared),6-24-98 12:00:00 AM,232248,6.0.81.69
File3=@msstdfmt.dll,$(WinSysPath),$(DLLSelfRegister),$(Shared),9-23-05 9:20:30 AM,118784,6.0.88.4
File4=@MSDATGRD.OCX,$(WinSysPath),$(DLLSelfRegister),$(Shared),6-24-98 12:00:00 AM,260920,6.0.81.69
File5=@MSCAL.OCX,$(AppPath),,,10-26-06 9:18:12 PM,110384,12.0.4518.1014
File6=@DTCRT.DLL,$(WinSysPath),$(DLLSelfRegister),$(Shared),6-23-98 12:00:00 AM,376304,6.0.0.8162
File7=@MSCOMM32.OCX,$(WinSysPath),$(DLLSelfRegister),$(Shared),6-24-98 12:00:00 AM,103744,6.0.81.69
File8=@MSFLXGRD.OCX,$(WinSysPath),$(DLLSelfRegister),$(Shared),5-22-00 12:00:00 AM,244416,6.0.84.18
File9=@MSBIND.DLL,$(WinSysPath),$(DLLSelfRegister),$(Shared),7-15-00 12:00:00 AM,77824,6.0.88.62
File10=@MSDATREP.OCX,$(WinSysPath),$(DLLSelfRegister),$(Shared),6-24-98 12:00:00 AM,187712,6.0.81.69
File11=@FM20.DLL,$(WinSysPath),$(DLLSelfRegister),$(Shared),10-26-06 2:10:08 PM,1190688,12.0.4518.1014
File12=@MSCHRT20.OCX,$(WinSysPath),$(DLLSelfRegister),$(Shared),6-26-98 12:00:00 AM,1008432,6.0.81.77
File13=@daxctle.ocx,$(WinSysPath),$(DLLSelfRegister),$(Shared),8-3-04 9:31:16 PM,153088,6.3.1.146
File14=@DBLIST32.OCX,$(WinSysPath),$(DLLSelfRegister),$(Shared),6-24-98 12:00:00 AM,200496,6.0.81.69
File15=@DBGRID32.OCX,$(WinSysPath),$(DLLSelfRegister),$(Shared),6-24-98 12:00:00 AM,525352,5.1.81.4
File16=@mplay32.exe,$(WinSysPath),,$(Shared),3-8-04 11:26:54 PM,123392,5.1.2600.2180
File17=@sndrec32.exe,$(AppPath),,,8-3-04 11:26:58 PM,131584,5.1.2600.2180
File18=@GRAPH.EXE,$(AppPath),,,10-26-06 8:02:12 PM,2526520,12.0.4518.1014
File19=@msado20.tlb,$(WinSysPath),,$(Shared),8-3-04 8:51:44 PM,61440,2.81.1117.0
File20=@MSADODC.OCX,$(WinSysPath),$(DLLSelfRegister),$(Shared),6-24-98 12:00:00 AM,118064,6.0.81.71
File21=@COMCT332.OCX,$(WinSysPath),$(DLLSelfRegister),$(Shared),6-24-98 12:00:00 AM,369696,6.0.0.8169
File22=@MSCOMCT2.OCX,$(WinSysPath),$(DLLSelfRegister),$(Shared),6-26-98 12:00:00 AM,644400,6.0.81.77
File23=@MSCOMCTL.OCX,$(WinSysPath),$(DLLSelfRegister),$(Shared),12-20-02 2:02:44 PM,1077336,6.1.95.45
File24=@Insect Shot.exe,$(AppPath),,,8-19-13 11:42:37 AM,6688768,1.0.0.0

; The following lines may be deleted in order to obtain extra 
; space for customizing this file on a full installation diskette.
; 
; XXXXXXXXXXXXXXXXXXXXXXXXXXXXXXXXXXXXXXXXXXXXXXXXXXXXXXXXXXXX
; XXXXXXXXXXXXXXXXXXXXXXXXXXXXXXXXXXXXXXXXXXXXXXXXXXXXXXXXXXXX
; XXXXXXXXXXXXXXXXXXXXXXXXXXXXXXXXXXXXXXXXXXXXXXXXXXXXXXXXXXXX
; XXXXXXXXXXXXXXXXXXXXXXXXXXXXXXXXXXXXXXXXXXXXXXXXXXXXXXXXXXXX
; XXXXXXXXXXXXXXXXXXXXXXXXXXXXXXXXXXXXXXXXXXXXXXXXXXXXXXXXXXXX
; XXXXXXXXXXXXXXXXXXXXXXXXXXXXXXXXXXXXXXXXXXXXXXXXXXXXXXXXXXXX
; XXXXXXXXXXXXXXXXXXXXXXXXXXXXXXXXXXXXXXXXXXXXXXXXXXXXXXXXXXXX
; XXXXXXXXXXXXXXXXXXXXXXXXXXXXXXXXXXXXXXXXXXXXXXXXXXXXXXXXXXXX
; XXXXXXXXXXXXXXXXXXXXXXXXXXXXXXXXXXXXXXXXXXXXXXXXXXXXXXXXXXXX
; XXXXXXXXXXXXXXXXXXXXXXXXXXXXXXXXXXXXXXXXXXXXXXXXXXXXXXXXXXXX
; XXXXXXXXXXXXXXXXXXXXXXXXXXXXXXXXXXXXXXXXXXXXXXXXXXXXXXXXXXXX
; XXXXXXXXXXXXXXXXXXXXXXXXXXXXXXXXXXXXXXXXXXXXXXXXXXXXXXXXXXXX
; XXXXXXXXXXXXXXXXXXXXXXXXXXXXXXXXXXXXXXXXXXXXXXXXXXXXXXXXXXXX
; XXXXXXXXXXXXXXXXXXXXXXXXXXXXXXXXXXXXXXXXXXXXXXXXXXXXXXXXXXXX
; XXXXXXXXXXXXXXXXXXXXXXXXXXXXXXXXXXXXXXXXXXXXXXXXXXXXXXXXXXXX
; XXXXXXXXXXXXXXXXXXXXXXXXXXXXXXXXXXXXXXXXXXXXXXXXXXXXXXXXXXXX
; XXXXXXXXXXXXXXXXXXXXXXXXXXXXXXXXXXXXXXXXXXXXXXXXXXXXXXXXXXXX
; XXXXXXXXXXXXXXXXXXXXXXXXXXXXXXXXXXXXXXXXXXXXXXXXXXXXXXXXXXXX
; XXXXXXXXXXXXXXXXXXXXXXXXXXXXXXXXXXXXXXXXXXXXXXXXXXXXXXXXXXXX
; XXXXXXXXXXXXXXXXXXXXXXXXXXXXXXXXXXXXXXXXXXXXXXXXXXXXXXXXXXXX
; XXXXXXXXXXXXXXXXXXXXXXXXXXXXXXXXXXXXXXXXXXXXXXXXXXXXXXXXXXXX
; XXXXXXXXXXXXXXXXXXXXXXXXXXXXXXXXXXXXXXXXXXXXXXXXXXXXXXXXXXXX
; XXXXXXXXXXXXXXXXXXXXXXXXXXXXXXXXXXXXXXXXXXXXXXXXXXXXXXXXXXXX
; XXXXXXXXXXXXXXXXXXXXXXXXXXXXXXXXXXXXXXXXXXXXXXXXXXXXXXXXXXXX
; XXXXXXXXXXXXXXXXXXXXXXXXXXXXXXXXXXXXXXXXXXXXXXXXXXXXXXXXXXXX
; XXXXXXXXXXXXXXXXXXXXXXXXXXXXXXXXXXXXXXXXXXXXXXXXXXXXXXXXXXXX
; XXXXXXXXXXXXXXXXXXXXXXXXXXXXXXXXXXXXXXXXXXXXXXXXXXXXXXXXXXXX
; XXXXXXXXXXXXXXXXXXXXXXXXXXXXXXXXXXXXXXXXXXXXXXXXXXXXXXXXXXXX
; XXXXXXXXXXXXXXXXXXXXXXXXXXXXXXXXXXXXXXXXXXXXXXXXXXXXXXXXXXXX
; XXXXXXXXXXXXXXXXXXXXXXXXXXXXXXXXXXXXXXXXXXXXXXXXXXXXXXXXXXXX
; XXXXXXXXXXXXXXXXXXXXXXXXXXXXXXXXXXXXXXXXXXXXXXXXXXXXXXXXXXXX
; XXXXXXXXXXXXXXXXXXXXXXXXXXXXXXXXXXXXXXXXXXXXXXXXXXXXXXXXXXXX
; XXXXXXXXXXXXXXXXXXXXXXXXXXXXXXXXXXXXXXXXXXXXXXXXXXXXXXXXXXXX
; XXXXXXXXXXXXXXXXXXXXXXXXXXXXXXXXXXXXXXXXXXXXXXXXXXXXXXXXXXXX
; XXXXXXXXXXXXXXXXXXXXXXXXXXXXXXXXXXXXXXXXXXXXXXXXXXXXXXXXXXXX
